
> app@1.0.0 start
> node server.js

listening on *:3000
a user connected
[1] --- Jules's Turn ---
[1] Money: 2000, Debt: 50000, Pos: 0
[1] 🚶 Jules rolled a 2 for movement.
[1] 📍 Jules landed on 🌑 Back Alley
[1] 🎭 Event: Hippodrome 🏇
a user connected
[1] --- Jules's Turn ---
[1] Money: 2000, Debt: 50000, Pos: 0
[1] 🚶 Jules rolled a 5 for movement.
[1] 📍 Jules landed on 🏥 Rehab Center
[1] Welcome to Rehab. Options:
[1] ✅ Debt reduced by 1000.
[1] --- Jules's Turn ---
[1] Money: 2000, Debt: 49000, Pos: 0
[1] 🚶 Jules rolled a 6 for movement.
[1] 📍 Jules landed on 🎰 Casino
[1] --- Jules's Casino Turn 🎰 ---
[1] 🎲 Initial rolls: 3, 3. Total: 6
